// Jest Snapshot v1, https://goo.gl/fbAQLP

exports[`Order Page should render without crashing 1`] = `ShallowWrapper {}`;
