// Jest Snapshot v1, https://goo.gl/fbAQLP

exports[`AllProducts should render without crashing 1`] = `ShallowWrapper {}`;
