// Jest Snapshot v1, https://goo.gl/fbAQLP

exports[`Each Product should render without crashing 1`] = `ShallowWrapper {}`;
