// Jest Snapshot v1, https://goo.gl/fbAQLP

exports[`ProductDetailsContent should render without crashing 1`] = `ShallowWrapper {}`;
