// Jest Snapshot v1, https://goo.gl/fbAQLP

exports[`PerCategory Page should render without crashing 1`] = `ShallowWrapper {}`;
