// Jest Snapshot v1, https://goo.gl/fbAQLP

exports[`PerDepartment should render correctly 1`] = `ShallowWrapper {}`;
