// Jest Snapshot v1, https://goo.gl/fbAQLP

exports[`SpanModal should render modal without crashing 1`] = `ReactWrapper {}`;
