// Jest Snapshot v1, https://goo.gl/fbAQLP

exports[`UpperNav should render side navigation without crashing 1`] = `ReactWrapper {}`;
