// Jest Snapshot v1, https://goo.gl/fbAQLP

exports[`Profile should render profile correctly 1`] = `ShallowWrapper {}`;
