// Jest Snapshot v1, https://goo.gl/fbAQLP

exports[`SignUp Page should render signup page without crashing 1`] = `ReactWrapper {}`;
